// Jest Snapshot v1, https://goo.gl/fbAQLP

exports[`Renders the UI as expected 1`] = `
Array [
  <header>
    <h1>
      GifChat
    </h1>
  </header>,
  <main>
    <section>
      <div
        className="card-container"
      >
        <div
          className="card front"
          onClick={[Function]}
        >
          Get a room
        </div>
        <div
          className="card back null"
        >
          <span>
            Room created at 
          </span>
          <a
            className="room-link"
            href="/rooms/a-big-red-dog-named-Clifford"
            onClick={[Function]}
            rel="noopener noreferrer"
            target="_blank"
          >
            a-big-red-dog-named-Clifford
            .
          </a>
        </div>
      </div>
      <div
        className="card-container"
      >
        <div
          className="card front"
          onClick={[Function]}
        >
          Go to room
        </div>
        <div
          className="card back null"
        >
          <span
            className="input-prompt"
          >
            Enter room name, i.e. a-big-red-dog-named-Clifford
          </span>
          <div
            className="home-input-flex-wrapper"
          >
            <input
              className="destination-field"
              onChange={[Function]}
              placeholder="a-big-red-dog-named-Clifford"
              type="text"
              value="a-big-red-dog-named-Clifford"
            />
            <button
              className="go-button"
              onClick={[Function]}
            >
              Go
            </button>
          </div>
        </div>
      </div>
      <div
        className="card-container"
      >
        <div
          className="card front"
          onClick={[Function]}
        >
          Get a rando
        </div>
        <div
          className="card back null"
        >
          Searching for randos. If none are found, you will be put in a room to wait until one comes along.
        </div>
      </div>
      <section
        className="explainer"
      >
        <h2>
          Rules of GifChat
        </h2>
        <ul>
          <li>
            <strong>
              No logins.
            </strong>
             GifChat does not want your email address.
          </li>
          <li>
            <strong>
              No names.
            </strong>
             GifChat does not care who you are.
          </li>
          <li>
            <strong>
              Two to a room.
            </strong>
          </li>
          <li>
            <strong>
              GIFs only.
            </strong>
          </li>
          <li>
            <strong>
              Conversations last while they're active.
            </strong>
             Your room URL is your link to that conversation. If conversations go inactive for seven days, they disappear and the room is closed.
          </li>
          <li>
            <strong>
              Why?
            </strong>
             
            <a
              href="https://github.com/bradbautista/gifchat-client#readme"
              rel="noopener noreferrer"
              target="_blank"
            >
              <strong>
                Because.
              </strong>
            </a>
          </li>
        </ul>
      </section>
    </section>
  </main>,
  <footer>
     
    <a
      href="https://github.com/bradbautista/"
      rel="noopener noreferrer"
      target="_blank"
    >
      <i
        className="fab fa-github"
      />
    </a>
    <a
      href="https://www.linkedin.com/in/bradford-bautista/"
      rel="noopener noreferrer"
      target="_blank"
    >
       
      <i
        className="fab fa-linkedin-in"
      />
    </a>
  </footer>,
]
`;
