// Jest Snapshot v1, https://goo.gl/fbAQLP

exports[`Renders the UI expected 1`] = `
<main
  className="room"
>
  <ul
    className="messages"
  >
    <li
      className="error"
      style={
        Object {
          "display": "none",
        }
      }
    >
      Error: Messages could not be displayed. The room does not exist, is full, or the Internet is broken. Try refreshing, or
      <a
        href="https://gifchat.now.sh/"
        style={
          Object {
            "fontWeight": 700,
          }
        }
      >
         
        leave this place.
      </a>
    </li>
    <li
      className="messages-prompt"
      style={
        Object {
          "display": "none",
        }
      }
    >
      Messages will appear here! Search and click on a GIF to start your conversation!
    </li>
    https://www.someurl.com/gif.gif
    https://www.someurl.com/gif.gif
    https://www.someurl.com/gif.gif
  </ul>
  <form
    onSubmit={[Function]}
  >
    <div
      className="room-input-flex-wrapper"
    >
      <input
        autoComplete="off"
        id="m"
        onChange={[Function]}
        placeholder="Enter search term"
        type="text"
        value="A search term"
      />
      <button>
        Search
      </button>
    </div>
    <img
      alt=""
      className="tenor-attr"
      src="https://www.gstatic.com/tenor/web/attribution/PB_tenor_logo_blue_horizontal.png"
    />
    <div
      className="noresults"
      style={
        Object {
          "display": "none",
        }
      }
    >
      There is no GIF for that. Please try for new GIF.
    </div>
    <ul
      className="gif-options"
      style={
        Object {
          "height": "45rem",
        }
      }
    >
      https://www.someurl.com/gif.gif
      https://www.someurl.com/gif.gif
      https://www.someurl.com/gif.gif
      <button
        className="get-gifs-btn"
        onClick={[Function]}
        style={
          Object {
            "display": "none",
          }
        }
      >
        MORE GIFS!
      </button>
    </ul>
  </form>
  <section
    className="desktop-extras"
  >
    <h3
      className="conversation-length__header"
    >
      Messages
      <br />
      in this conversation
    </h3>
    <span
      className="messages-length"
    >
      3
    </span>
    <hr
      align="left"
    />
    <h3
      className="status__header"
    >
      Connection
      <br />
      status
    </h3>
    <span
      className="online-status"
    >
      Very offline
    </span>
    <hr
      align="left"
    />
    <h3
      className="last-search__header"
    >
      You last
      <br />
      searched for:
    </h3>
    <span
      className="last-search"
    >
      A search term
    </span>
  </section>
</main>
`;
